<dl class="docutils"><dt>This is a test of the<em>reST</em>transform</dt><dd>o one o two o three</dd></dl>