<h2 class="title">Heading 1</h2><p>Some text.</p><div class="section" id="heading-2"><h3>Heading 2</h3><p>Some text, bla ble bli blo blu. Yes, i know this is<a class="reference external" href="http://www.example.com">Stupid</a>.</p></div>