<pre class="python">
<span style="color: #004080;">&quot;&quot;&quot; nice docstring &quot;&quot;&quot;</span>

<span style="color: #C00000;">class</span> <span style="color: #000000;">A</span> <span style="color: #0000C0;">:</span> <span style="color: #C00000;">pass</span>

<span style="color: #008000;"># comment
</span>
<span style="color: #C00000;">def</span> <span style="color: #000000;">inc</span><span style="color: #0000C0;">(</span><span style="color: #000000;">i</span><span style="color: #0000C0;">)</span><span style="color: #0000C0;">:</span>
    <span style="color: #C00000;">return</span> <span style="color: #000000;">i</span><span style="color: #0000C0;">+</span><span style="color: #0080C0;">1</span>

<span style="color: #C00000;">def</span> <span style="color: #000000;">greater</span><span style="color: #0000C0;">(</span><span style="color: #000000;">a</span><span style="color: #0000C0;">,</span> <span style="color: #000000;">b</span><span style="color: #0000C0;">)</span><span style="color: #0000C0;">:</span>
    <span style="color: #004080;">&quot;&quot;&quot;foo &lt;html /&gt;&quot;&quot;&quot;</span>
    <span style="color: #C00000;">return</span> <span style="color: #000000;">a</span> <span style="color: #0000C0;">&gt;</span> <span style="color: #000000;">b</span>
</pre>
